  ADDR B1 B2 B3 B4 thrass11.tmp                                     PAGE       1

                   * Ejercicio simple de suma de dos valores de 32 bits
                   * Los dos valores se encuentran en memoria

                        ORG   $0000
                   var1 RMB   4
                   var2 RMB   4
                   res  RMB   5
                   iter EQU   4            ; en C seria #define iter 4
                           ORG     $c000
  C000 C6 04               LDAB    #iter
  C002 7F 00 08            CLR     res     *tambien limpia el carry

  C005 CE 00 03            LDX     #$0003  *Carga el indice de reg X, seria
.                  var1+3
                   loop
  C008 A6 00               LDAA    0,x     ; var1+3
  C00A A9 04               ADCA    4,x     ; var2+3
  C00C A7 09               STAA    9,x     ; res+4
  C00E 09                  DEX             ; esto hace ix--, le resta 1 al
.                  indice
  C00F 5A                  DECB            ; decrementa B
  C010 26 F6               BNE     loop    ;va a saltar mientras no sea 0


                   * el finalmente si hay carry lo guardo en el byte mas signif.
  C012 24 03               BCC     FIN
  C014 7C 00 08            INC     res

  C017 20 FE       FIN     BRA     FIN     *while(1)

                   *  esto no esta bien porque se trata de vector de constantes
                   * en RWM lo que CONCEPTUALMENTE esta mal
                   * pero el simulador lo admite, asi que aprovechamos para
.                  ganar tiempo
                           ORG     $0000
  0000 FF FF FF FF         FDB     $FFFF,$FFFF,$0000,$0001
. 0004 00 00 00 01
                   * si pongo codigo aca potencialmente generamos errores y
.                  asquerosos

  Symbol Table 

  RES                0008
  FIN                C017
  LOOP               C008
  ITER               0004
  VAR1               0000
  VAR2               0004
